#
# There is insufficient memory for the Java Runtime Environment to continue.
# Native memory allocation (mmap) failed to map 528482304 bytes. Error detail: G1 virtual space
# Possible reasons:
#   The system is out of physical RAM or swap space
#   This process is running with CompressedOops enabled, and the Java Heap may be blocking the growth of the native heap
# Possible solutions:
#   Reduce memory load on the system
#   Increase physical memory or swap space
#   Check if swap backing store is full
#   Decrease Java heap size (-Xmx/-Xms)
#   Decrease number of Java threads
#   Decrease Java thread stack sizes (-Xss)
#   Set larger code cache with -XX:ReservedCodeCacheSize=
#   JVM is running with Zero Based Compressed Oops mode in which the Java heap is
#     placed in the first 32GB address space. The Java Heap base address is the
#     maximum limit for the native heap growth. Please use -XX:HeapBaseMinAddress
#     to set the Java Heap base and to place the Java Heap above 32GB virtual address.
# This output file may be truncated or incomplete.
#
#  Out of Memory Error (os_windows.cpp:3631), pid=24124, tid=24156
#
# JRE version: OpenJDK Runtime Environment (22.0.2+9) (build 22.0.2+9-70)
# Java VM: OpenJDK 64-Bit Server VM (22.0.2+9-70, mixed mode, sharing, tiered, compressed oops, compressed class ptrs, g1 gc, windows-amd64)
# No core dump will be written. Minidumps are not enabled by default on client versions of Windows
#

---------------  S U M M A R Y ------------

Command Line: -javaagent:C:\Program Files\JetBrains\IntelliJ IDEA 2024.2.1\lib\idea_rt.jar=58430:C:\Program Files\JetBrains\IntelliJ IDEA 2024.2.1\bin -Dfile.encoding=UTF-8 -Dsun.stdout.encoding=UTF-8 -Dsun.stderr.encoding=UTF-8 src.code.Main

Host: 12th Gen Intel(R) Core(TM) i7-12700H, 20 cores, 15G,  Windows 11 , 64 bit Build 26100 (10.0.26100.6725)
Time: Wed Oct 29 16:42:37 2025 Pacific Daylight Time elapsed time: 6.063960 seconds (0d 0h 0m 6s)

---------------  T H R E A D  ---------------

Current thread (0x000001860781e180):  VMThread "VM Thread"          [id=24156, stack(0x0000006617200000,0x0000006617300000) (1024K)]

Stack: [0x0000006617200000,0x0000006617300000]
Native frames: (J=compiled Java code, j=interpreted, Vv=VM code, C=native code)
V  [jvm.dll+0x6e26e9]  (no source info available)
V  [jvm.dll+0x875753]  (no source info available)
V  [jvm.dll+0x877b7e]  (no source info available)
V  [jvm.dll+0x878253]  (no source info available)
V  [jvm.dll+0x27fc86]  (no source info available)
V  [jvm.dll+0x6ded85]  (no source info available)
V  [jvm.dll+0x6d388a]  (no source info available)
V  [jvm.dll+0x358b8a]  (no source info available)
V  [jvm.dll+0x3610b6]  (no source info available)
V  [jvm.dll+0x3b419e]  (no source info available)
V  [jvm.dll+0x3b4448]  (no source info available)
V  [jvm.dll+0x32c5ec]  (no source info available)
V  [jvm.dll+0x32c677]  (no source info available)
V  [jvm.dll+0x37244c]  (no source info available)
V  [jvm.dll+0x370b46]  (no source info available)
V  [jvm.dll+0x32bcd7]  (no source info available)
V  [jvm.dll+0x370304]  (no source info available)
V  [jvm.dll+0x87e0f0]  (no source info available)
V  [jvm.dll+0x87f477]  (no source info available)
V  [jvm.dll+0x87f9f0]  (no source info available)
V  [jvm.dll+0x87fc93]  (no source info available)
V  [jvm.dll+0x81dc0b]  (no source info available)
V  [jvm.dll+0x6e0d85]  (no source info available)
C  [ucrtbase.dll+0x37b0]  (no source info available)
C  [KERNEL32.DLL+0x2e8d7]  (no source info available)
C  [ntdll.dll+0x8c53c]  (no source info available)

VM_Operation (0x00000066189fe020): G1CollectForAllocation, mode: safepoint, requested by thread 0x000001864ed8ae10


---------------  P R O C E S S  ---------------

Threads class SMR info:
_java_thread_list=0x000001864f3d6f30, length=23, elements={
0x000001860783e060, 0x000001860783ecc0, 0x0000018607849190, 0x0000018607846c10,
0x00000186078472a0, 0x0000018607847930, 0x0000018607852e10, 0x000001860785e640,
0x0000018607847fc0, 0x0000018607b5a650, 0x0000018607b5ad10, 0x0000018607845ef0,
0x0000018607846580, 0x00000186078451d0, 0x0000018607845860, 0x0000018607848650,
0x000001864ed8ae10, 0x000001864ed8c850, 0x000001864ed8bb30, 0x000001864ed8c1c0,
0x000001864ed8a780, 0x000001864ed8d570, 0x000001864ed8a0f0
}

Java Threads: ( => current thread )
  0x000001860783e060 JavaThread "Reference Handler"          daemon [_thread_blocked, id=14936, stack(0x0000006617300000,0x0000006617400000) (1024K)]
  0x000001860783ecc0 JavaThread "Finalizer"                  daemon [_thread_blocked, id=7576, stack(0x0000006617400000,0x0000006617500000) (1024K)]
  0x0000018607849190 JavaThread "Signal Dispatcher"          daemon [_thread_blocked, id=23168, stack(0x0000006617500000,0x0000006617600000) (1024K)]
  0x0000018607846c10 JavaThread "Attach Listener"            daemon [_thread_blocked, id=26112, stack(0x0000006617600000,0x0000006617700000) (1024K)]
  0x00000186078472a0 JavaThread "Service Thread"             daemon [_thread_blocked, id=14468, stack(0x0000006617700000,0x0000006617800000) (1024K)]
  0x0000018607847930 JavaThread "Monitor Deflation Thread"   daemon [_thread_blocked, id=24820, stack(0x0000006617800000,0x0000006617900000) (1024K)]
  0x0000018607852e10 JavaThread "C2 CompilerThread0"         daemon [_thread_blocked, id=26184, stack(0x0000006617900000,0x0000006617a00000) (1024K)]
  0x000001860785e640 JavaThread "C1 CompilerThread0"         daemon [_thread_blocked, id=26712, stack(0x0000006617a00000,0x0000006617b00000) (1024K)]
  0x0000018607847fc0 JavaThread "Common-Cleaner"             daemon [_thread_blocked, id=14372, stack(0x0000006617b00000,0x0000006617c00000) (1024K)]
  0x0000018607b5a650 JavaThread "C1 CompilerThread1"         daemon [_thread_blocked, id=27868, stack(0x0000006617c00000,0x0000006617d00000) (1024K)]
  0x0000018607b5ad10 JavaThread "C1 CompilerThread2"         daemon [_thread_blocked, id=19504, stack(0x0000006617d00000,0x0000006617e00000) (1024K)]
  0x0000018607845ef0 JavaThread "Monitor Ctrl-Break"         daemon [_thread_in_native, id=25712, stack(0x0000006617e00000,0x0000006617f00000) (1024K)]
  0x0000018607846580 JavaThread "Notification Thread"        daemon [_thread_blocked, id=21768, stack(0x0000006617f00000,0x0000006618000000) (1024K)]
  0x00000186078451d0 JavaThread "Java2D Disposer"            daemon [_thread_blocked, id=7640, stack(0x0000006618100000,0x0000006618200000) (1024K)]
  0x0000018607845860 JavaThread "AWT-Shutdown"                      [_thread_blocked, id=13584, stack(0x0000006618200000,0x0000006618300000) (1024K)]
  0x0000018607848650 JavaThread "AWT-Windows"                daemon [_thread_blocked, id=28428, stack(0x0000006618300000,0x0000006618400000) (1024K)]
  0x000001864ed8ae10 JavaThread "AWT-EventQueue-0"                  [_thread_blocked, id=29304, stack(0x0000006618900000,0x0000006618a00000) (1024K)]
  0x000001864ed8c850 JavaThread "RMI TCP Accept-0"           daemon [_thread_in_native, id=21192, stack(0x0000006618a00000,0x0000006618b00000) (1024K)]
  0x000001864ed8bb30 JavaThread "RMI TCP Connection(1)-192.168.1.96" daemon [_thread_blocked, id=8060, stack(0x0000006618b00000,0x0000006618c00000) (1024K)]
  0x000001864ed8c1c0 JavaThread "DestroyJavaVM"                     [_thread_blocked, id=21916, stack(0x0000006616b00000,0x0000006616c00000) (1024K)]
  0x000001864ed8a780 JavaThread "RMI Scheduler(0)"           daemon [_thread_blocked, id=20164, stack(0x0000006618c00000,0x0000006618d00000) (1024K)]
  0x000001864ed8d570 JavaThread "JMX server connection timeout 41" daemon [_thread_blocked, id=15752, stack(0x0000006618d00000,0x0000006618e00000) (1024K)]
  0x000001864ed8a0f0 JavaThread "TimerQueue"                 daemon [_thread_blocked, id=19992, stack(0x0000006618e00000,0x0000006618f00000) (1024K)]
Total: 23

Other Threads:
=>0x000001860781e180 VMThread "VM Thread"                           [id=24156, stack(0x0000006617200000,0x0000006617300000) (1024K)]
  0x0000018607807800 WatcherThread "VM Periodic Task Thread"        [id=21208, stack(0x0000006617100000,0x0000006617200000) (1024K)]
  0x00000186678b70b0 WorkerThread "GC Thread#0"                     [id=9768, stack(0x0000006616c00000,0x0000006616d00000) (1024K)]
  0x000001864efb9460 WorkerThread "GC Thread#1"                     [id=9548, stack(0x0000006618000000,0x0000006618100000) (1024K)]
  0x000001864ef5f2c0 WorkerThread "GC Thread#2"                     [id=17776, stack(0x0000006618400000,0x0000006618500000) (1024K)]
  0x000001864ef5f670 WorkerThread "GC Thread#3"                     [id=19852, stack(0x0000006618500000,0x0000006618600000) (1024K)]
  0x000001864ef4df70 WorkerThread "GC Thread#4"                     [id=8668, stack(0x0000006618f00000,0x0000006619000000) (1024K)]
  0x000001864ef4e320 WorkerThread "GC Thread#5"                     [id=22432, stack(0x0000006619000000,0x0000006619100000) (1024K)]
  0x000001864f240080 WorkerThread "GC Thread#6"                     [id=21608, stack(0x0000006619100000,0x0000006619200000) (1024K)]
  0x000001864f240b90 WorkerThread "GC Thread#7"                     [id=9520, stack(0x0000006619200000,0x0000006619300000) (1024K)]
  0x000001864f240430 WorkerThread "GC Thread#8"                     [id=8208, stack(0x0000006619300000,0x0000006619400000) (1024K)]
  0x000001864f240f40 WorkerThread "GC Thread#9"                     [id=15948, stack(0x0000006619400000,0x0000006619500000) (1024K)]
  0x000001864f2407e0 WorkerThread "GC Thread#10"                    [id=2880, stack(0x0000006619500000,0x0000006619600000) (1024K)]
  0x000001864f2412f0 WorkerThread "GC Thread#11"                    [id=6432, stack(0x0000006619600000,0x0000006619700000) (1024K)]
  0x000001864f23f920 WorkerThread "GC Thread#12"                    [id=28212, stack(0x0000006619700000,0x0000006619800000) (1024K)]
  0x00000186678c79c0 ConcurrentGCThread "G1 Main Marker"            [id=3608, stack(0x0000006616d00000,0x0000006616e00000) (1024K)]
  0x00000186678c9260 WorkerThread "G1 Conc#0"                       [id=13756, stack(0x0000006616e00000,0x0000006616f00000) (1024K)]
  0x00000186076d8840 ConcurrentGCThread "G1 Refine#0"               [id=12352, stack(0x0000006616f00000,0x0000006617000000) (1024K)]
  0x00000186076da180 ConcurrentGCThread "G1 Service"                [id=20800, stack(0x0000006617000000,0x0000006617100000) (1024K)]
Total: 19

Threads with active compile tasks:
Total: 0

VM state: at safepoint (normal execution)

VM Mutex/Monitor currently owned by a thread:  ([mutex/lock_event])
[0x00007ff933accb80] Threads_lock - owner thread: 0x000001860781e180
[0x00007ff933accc80] Heap_lock - owner thread: 0x000001864ed8ae10

Heap address: 0x0000000705e00000, size: 4002 MB, Compressed Oops mode: Zero based, Oop shift amount: 3

CDS archive(s) mapped at: [0x0000018608000000-0x0000018608c60000-0x0000018608c60000), size 12976128, SharedBaseAddress: 0x0000018608000000, ArchiveRelocationMode: 1.
Compressed class space mapped at: 0x0000018609000000-0x0000018649000000, reserved size: 1073741824
Narrow klass base: 0x0000018608000000, Narrow klass shift: 0, Narrow klass range: 0x41000000

GC Precious Log:
 CardTable entry size: 512
 Card Set container configuration: InlinePtr #cards 4 size 8 Array Of Cards #cards 16 size 48 Howl #buckets 8 coarsen threshold 3686 Howl Bitmap #cards 512 size 80 coarsen threshold 460 Card regions per heap region 1 cards per card region 4096
 CPUs: 20 total, 20 available
 Memory: 16003M
 Large Page Support: Disabled
 NUMA Support: Disabled
 Compressed Oops: Enabled (Zero based)
 Heap Region Size: 2M
 Heap Min Capacity: 8M
 Heap Initial Capacity: 252M
 Heap Max Capacity: 4002M
 Pre-touch: Disabled
 Parallel Workers: 15
 Concurrent Workers: 4
 Concurrent Refinement Workers: 15
 Periodic GC: Disabled

Heap:
 garbage-first heap   total reserved 4098048K, committed 258048K, used 104419K [0x0000000705e00000, 0x0000000800000000)
  region size 2048K, 0 young (0K), 0 survivors (0K)
 Metaspace       used 14461K, committed 14784K, reserved 1114112K
  class space    used 1648K, committed 1792K, reserved 1048576K

Heap Regions: E=young(eden), S=young(survivor), O=old, HS=humongous(starts), HC=humongous(continues), CS=collection set, F=free, TAMS=top-at-mark-start, PB=parsable bottom
|   0|0x0000000705e00000, 0x0000000706000000, 0x0000000706000000|100%|HS|  |TAMS 0x0000000705e00000| PB 0x0000000705e00000| Complete |  0
|   1|0x0000000706000000, 0x0000000706200000, 0x0000000706200000|100%|HC|  |TAMS 0x0000000706000000| PB 0x0000000706000000| Complete |  0
|   2|0x0000000706200000, 0x0000000706400000, 0x0000000706400000|100%|HS|  |TAMS 0x0000000706200000| PB 0x0000000706200000| Complete |  0
|   3|0x0000000706400000, 0x0000000706600000, 0x0000000706600000|100%|HC|  |TAMS 0x0000000706400000| PB 0x0000000706400000| Complete |  0
|   4|0x0000000706600000, 0x0000000706800000, 0x0000000706800000|100%|HC|  |TAMS 0x0000000706600000| PB 0x0000000706600000| Complete |  0
|   5|0x0000000706800000, 0x0000000706a00000, 0x0000000706a00000|100%|HC|  |TAMS 0x0000000706800000| PB 0x0000000706800000| Complete |  0
|   6|0x0000000706a00000, 0x0000000706c00000, 0x0000000706c00000|100%|HC|  |TAMS 0x0000000706a00000| PB 0x0000000706a00000| Complete |  0
|   7|0x0000000706c00000, 0x0000000706e00000, 0x0000000706e00000|100%|HC|  |TAMS 0x0000000706c00000| PB 0x0000000706c00000| Complete |  0
|   8|0x0000000706e00000, 0x0000000707000000, 0x0000000707000000|100%| O|  |TAMS 0x0000000706e00000| PB 0x0000000706e00000| Untracked |  0
|   9|0x0000000707000000, 0x0000000707200000, 0x0000000707200000|100%| O|  |TAMS 0x0000000707000000| PB 0x0000000707000000| Untracked |  0
|  10|0x0000000707200000, 0x0000000707400000, 0x0000000707400000|100%| O|  |TAMS 0x0000000707200000| PB 0x0000000707200000| Untracked |  0
|  11|0x0000000707400000, 0x0000000707600000, 0x0000000707600000|100%| O|  |TAMS 0x0000000707400000| PB 0x0000000707400000| Untracked |  0
|  12|0x0000000707600000, 0x0000000707800000, 0x0000000707800000|100%| O|  |TAMS 0x0000000707600000| PB 0x0000000707600000| Untracked |  0
|  13|0x0000000707800000, 0x0000000707a00000, 0x0000000707a00000|100%| O|  |TAMS 0x0000000707800000| PB 0x0000000707800000| Untracked |  0
|  14|0x0000000707a00000, 0x0000000707c00000, 0x0000000707c00000|100%| O|  |TAMS 0x0000000707a00000| PB 0x0000000707a00000| Untracked |  0
|  15|0x0000000707c00000, 0x0000000707e00000, 0x0000000707e00000|100%| O|  |TAMS 0x0000000707c00000| PB 0x0000000707c00000| Untracked |  0
|  16|0x0000000707e00000, 0x0000000708000000, 0x0000000708000000|100%| O|  |TAMS 0x0000000707e00000| PB 0x0000000707e00000| Untracked |  0
|  17|0x0000000708000000, 0x0000000708200000, 0x0000000708200000|100%| O|  |TAMS 0x0000000708000000| PB 0x0000000708000000| Untracked |  0
|  18|0x0000000708200000, 0x0000000708400000, 0x0000000708400000|100%| O|  |TAMS 0x0000000708200000| PB 0x0000000708200000| Untracked |  0
|  19|0x0000000708400000, 0x0000000708600000, 0x0000000708600000|100%| O|  |TAMS 0x0000000708400000| PB 0x0000000708400000| Untracked |  0
|  20|0x0000000708600000, 0x0000000708800000, 0x0000000708800000|100%| O|  |TAMS 0x0000000708600000| PB 0x0000000708600000| Untracked |  0
|  21|0x0000000708800000, 0x0000000708a00000, 0x0000000708a00000|100%| O|  |TAMS 0x0000000708800000| PB 0x0000000708800000| Untracked |  0
|  22|0x0000000708a00000, 0x0000000708c00000, 0x0000000708c00000|100%| O|  |TAMS 0x0000000708a00000| PB 0x0000000708a00000| Untracked |  0
|  23|0x0000000708c00000, 0x0000000708e00000, 0x0000000708e00000|100%| O|  |TAMS 0x0000000708c00000| PB 0x0000000708c00000| Untracked |  0
|  24|0x0000000708e00000, 0x0000000709000000, 0x0000000709000000|100%| O|  |TAMS 0x0000000708e00000| PB 0x0000000708e00000| Untracked |  0
|  25|0x0000000709000000, 0x0000000709200000, 0x0000000709200000|100%| O|  |TAMS 0x0000000709000000| PB 0x0000000709000000| Untracked |  0
|  26|0x0000000709200000, 0x0000000709400000, 0x0000000709400000|100%| O|  |TAMS 0x0000000709200000| PB 0x0000000709200000| Untracked |  0
|  27|0x0000000709400000, 0x0000000709600000, 0x0000000709600000|100%| O|  |TAMS 0x0000000709400000| PB 0x0000000709400000| Untracked |  0
|  28|0x0000000709600000, 0x0000000709800000, 0x0000000709800000|100%| O|  |TAMS 0x0000000709600000| PB 0x0000000709600000| Untracked |  0
|  29|0x0000000709800000, 0x0000000709a00000, 0x0000000709a00000|100%| O|  |TAMS 0x0000000709800000| PB 0x0000000709800000| Untracked |  0
|  30|0x0000000709a00000, 0x0000000709c00000, 0x0000000709c00000|100%| O|  |TAMS 0x0000000709a00000| PB 0x0000000709a00000| Untracked |  0
|  31|0x0000000709c00000, 0x0000000709e00000, 0x0000000709e00000|100%| O|  |TAMS 0x0000000709c00000| PB 0x0000000709c00000| Untracked |  0
|  32|0x0000000709e00000, 0x000000070a000000, 0x000000070a000000|100%| O|  |TAMS 0x0000000709e00000| PB 0x0000000709e00000| Untracked |  0
|  33|0x000000070a000000, 0x000000070a200000, 0x000000070a200000|100%| O|  |TAMS 0x000000070a000000| PB 0x000000070a000000| Untracked |  0
|  34|0x000000070a200000, 0x000000070a400000, 0x000000070a400000|100%| O|  |TAMS 0x000000070a200000| PB 0x000000070a200000| Untracked |  0
|  35|0x000000070a400000, 0x000000070a600000, 0x000000070a600000|100%| O|  |TAMS 0x000000070a400000| PB 0x000000070a400000| Untracked |  0
|  36|0x000000070a600000, 0x000000070a800000, 0x000000070a800000|100%| O|  |TAMS 0x000000070a600000| PB 0x000000070a600000| Untracked |  0
|  37|0x000000070a800000, 0x000000070aa00000, 0x000000070aa00000|100%| O|  |TAMS 0x000000070a800000| PB 0x000000070a800000| Untracked |  0
|  38|0x000000070aa00000, 0x000000070ac00000, 0x000000070ac00000|100%| O|  |TAMS 0x000000070aa00000| PB 0x000000070aa00000| Untracked |  0
|  39|0x000000070ac00000, 0x000000070ae00000, 0x000000070ae00000|100%| O|  |TAMS 0x000000070ac00000| PB 0x000000070ac00000| Untracked |  0
|  40|0x000000070ae00000, 0x000000070b000000, 0x000000070b000000|100%| O|  |TAMS 0x000000070ae00000| PB 0x000000070ae00000| Untracked |  0
|  41|0x000000070b000000, 0x000000070b200000, 0x000000070b200000|100%| O|  |TAMS 0x000000070b000000| PB 0x000000070b000000| Untracked |  0
|  42|0x000000070b200000, 0x000000070b400000, 0x000000070b400000|100%| O|  |TAMS 0x000000070b200000| PB 0x000000070b200000| Untracked |  0
|  43|0x000000070b400000, 0x000000070b600000, 0x000000070b600000|100%| O|  |TAMS 0x000000070b400000| PB 0x000000070b400000| Untracked |  0
|  44|0x000000070b600000, 0x000000070b800000, 0x000000070b800000|100%| O|  |TAMS 0x000000070b600000| PB 0x000000070b600000| Untracked |  0
|  45|0x000000070b800000, 0x000000070ba00000, 0x000000070ba00000|100%| O|  |TAMS 0x000000070b800000| PB 0x000000070b800000| Untracked |  0
|  46|0x000000070ba00000, 0x000000070bc00000, 0x000000070bc00000|100%| O|  |TAMS 0x000000070ba00000| PB 0x000000070ba00000| Untracked |  0
|  47|0x000000070bc00000, 0x000000070be00000, 0x000000070be00000|100%| O|  |TAMS 0x000000070bc00000| PB 0x000000070bc00000| Untracked |  0
|  48|0x000000070be00000, 0x000000070c000000, 0x000000070c000000|100%| O|  |TAMS 0x000000070be00000| PB 0x000000070be00000| Untracked |  0
|  49|0x000000070c000000, 0x000000070c200000, 0x000000070c200000|100%| O|  |TAMS 0x000000070c000000| PB 0x000000070c000000| Untracked |  0
|  50|0x000000070c200000, 0x000000070c3f8cc0, 0x000000070c400000| 98%| O|  |TAMS 0x000000070c200000| PB 0x000000070c200000| Untracked |  0
|  51|0x000000070c400000, 0x000000070c400000, 0x000000070c600000|  0%| F|  |TAMS 0x000000070c400000| PB 0x000000070c400000| Untracked |  0
|  52|0x000000070c600000, 0x000000070c600000, 0x000000070c800000|  0%| F|  |TAMS 0x000000070c600000| PB 0x000000070c600000| Untracked |  0
|  53|0x000000070c800000, 0x000000070c800000, 0x000000070ca00000|  0%| F|  |TAMS 0x000000070c800000| PB 0x000000070c800000| Untracked |  0
|  54|0x000000070ca00000, 0x000000070ca00000, 0x000000070cc00000|  0%| F|  |TAMS 0x000000070ca00000| PB 0x000000070ca00000| Untracked |  0
|  55|0x000000070cc00000, 0x000000070cc00000, 0x000000070ce00000|  0%| F|  |TAMS 0x000000070cc00000| PB 0x000000070cc00000| Untracked |  0
|  56|0x000000070ce00000, 0x000000070ce00000, 0x000000070d000000|  0%| F|  |TAMS 0x000000070ce00000| PB 0x000000070ce00000| Untracked |  0
|  57|0x000000070d000000, 0x000000070d000000, 0x000000070d200000|  0%| F|  |TAMS 0x000000070d000000| PB 0x000000070d000000| Untracked |  0
|  58|0x000000070d200000, 0x000000070d200000, 0x000000070d400000|  0%| F|  |TAMS 0x000000070d200000| PB 0x000000070d200000| Untracked |  0
|  59|0x000000070d400000, 0x000000070d400000, 0x000000070d600000|  0%| F|  |TAMS 0x000000070d400000| PB 0x000000070d400000| Untracked |  0
|  60|0x000000070d600000, 0x000000070d600000, 0x000000070d800000|  0%| F|  |TAMS 0x000000070d600000| PB 0x000000070d600000| Untracked |  0
|  61|0x000000070d800000, 0x000000070d800000, 0x000000070da00000|  0%| F|  |TAMS 0x000000070d800000| PB 0x000000070d800000| Untracked |  0
|  62|0x000000070da00000, 0x000000070da00000, 0x000000070dc00000|  0%| F|  |TAMS 0x000000070da00000| PB 0x000000070da00000| Untracked |  0
|  63|0x000000070dc00000, 0x000000070dc00000, 0x000000070de00000|  0%| F|  |TAMS 0x000000070dc00000| PB 0x000000070dc00000| Untracked |  0
|  64|0x000000070de00000, 0x000000070de00000, 0x000000070e000000|  0%| F|  |TAMS 0x000000070de00000| PB 0x000000070de00000| Untracked |  0
|  65|0x000000070e000000, 0x000000070e000000, 0x000000070e200000|  0%| F|  |TAMS 0x000000070e000000| PB 0x000000070e000000| Untracked |  0
|  66|0x000000070e200000, 0x000000070e200000, 0x000000070e400000|  0%| F|  |TAMS 0x000000070e200000| PB 0x000000070e200000| Untracked |  0
|  67|0x000000070e400000, 0x000000070e400000, 0x000000070e600000|  0%| F|  |TAMS 0x000000070e400000| PB 0x000000070e400000| Untracked |  0
|  68|0x000000070e600000, 0x000000070e600000, 0x000000070e800000|  0%| F|  |TAMS 0x000000070e600000| PB 0x000000070e600000| Untracked |  0
|  69|0x000000070e800000, 0x000000070e800000, 0x000000070ea00000|  0%| F|  |TAMS 0x000000070e800000| PB 0x000000070e800000| Untracked |  0
|  70|0x000000070ea00000, 0x000000070ea00000, 0x000000070ec00000|  0%| F|  |TAMS 0x000000070ea00000| PB 0x000000070ea00000| Untracked |  0
|  71|0x000000070ec00000, 0x000000070ec00000, 0x000000070ee00000|  0%| F|  |TAMS 0x000000070ec00000| PB 0x000000070ec00000| Untracked |  0
|  72|0x000000070ee00000, 0x000000070ee00000, 0x000000070f000000|  0%| F|  |TAMS 0x000000070ee00000| PB 0x000000070ee00000| Untracked |  0
|  73|0x000000070f000000, 0x000000070f000000, 0x000000070f200000|  0%| F|  |TAMS 0x000000070f000000| PB 0x000000070f000000| Untracked |  0
|  74|0x000000070f200000, 0x000000070f200000, 0x000000070f400000|  0%| F|  |TAMS 0x000000070f200000| PB 0x000000070f200000| Untracked |  0
|  75|0x000000070f400000, 0x000000070f400000, 0x000000070f600000|  0%| F|  |TAMS 0x000000070f400000| PB 0x000000070f400000| Untracked |  0
|  76|0x000000070f600000, 0x000000070f600000, 0x000000070f800000|  0%| F|  |TAMS 0x000000070f600000| PB 0x000000070f600000| Untracked |  0
|  77|0x000000070f800000, 0x000000070f800000, 0x000000070fa00000|  0%| F|  |TAMS 0x000000070f800000| PB 0x000000070f800000| Untracked |  0
|  78|0x000000070fa00000, 0x000000070fa00000, 0x000000070fc00000|  0%| F|  |TAMS 0x000000070fa00000| PB 0x000000070fa00000| Untracked |  0
|  79|0x000000070fc00000, 0x000000070fc00000, 0x000000070fe00000|  0%| F|  |TAMS 0x000000070fc00000| PB 0x000000070fc00000| Untracked |  0
|  80|0x000000070fe00000, 0x000000070fe00000, 0x0000000710000000|  0%| F|  |TAMS 0x000000070fe00000| PB 0x000000070fe00000| Untracked |  0
|  81|0x0000000710000000, 0x0000000710000000, 0x0000000710200000|  0%| F|  |TAMS 0x0000000710000000| PB 0x0000000710000000| Untracked |  0
|  82|0x0000000710200000, 0x0000000710200000, 0x0000000710400000|  0%| F|  |TAMS 0x0000000710200000| PB 0x0000000710200000| Untracked |  0
|  83|0x0000000710400000, 0x0000000710400000, 0x0000000710600000|  0%| F|  |TAMS 0x0000000710400000| PB 0x0000000710400000| Untracked |  0
|  84|0x0000000710600000, 0x0000000710600000, 0x0000000710800000|  0%| F|  |TAMS 0x0000000710600000| PB 0x0000000710600000| Untracked |  0
|  85|0x0000000710800000, 0x0000000710800000, 0x0000000710a00000|  0%| F|  |TAMS 0x0000000710800000| PB 0x0000000710800000| Untracked |  0
|  86|0x0000000710a00000, 0x0000000710a00000, 0x0000000710c00000|  0%| F|  |TAMS 0x0000000710a00000| PB 0x0000000710a00000| Untracked |  0
|  87|0x0000000710c00000, 0x0000000710c00000, 0x0000000710e00000|  0%| F|  |TAMS 0x0000000710c00000| PB 0x0000000710c00000| Untracked |  0
|  88|0x0000000710e00000, 0x0000000710e00000, 0x0000000711000000|  0%| F|  |TAMS 0x0000000710e00000| PB 0x0000000710e00000| Untracked |  0
|  89|0x0000000711000000, 0x0000000711000000, 0x0000000711200000|  0%| F|  |TAMS 0x0000000711000000| PB 0x0000000711000000| Untracked |  0
|  90|0x0000000711200000, 0x0000000711200000, 0x0000000711400000|  0%| F|  |TAMS 0x0000000711200000| PB 0x0000000711200000| Untracked |  0
|  91|0x0000000711400000, 0x0000000711400000, 0x0000000711600000|  0%| F|  |TAMS 0x0000000711400000| PB 0x0000000711400000| Untracked |  0
|  92|0x0000000711600000, 0x0000000711600000, 0x0000000711800000|  0%| F|  |TAMS 0x0000000711600000| PB 0x0000000711600000| Untracked |  0
|  93|0x0000000711800000, 0x0000000711800000, 0x0000000711a00000|  0%| F|  |TAMS 0x0000000711800000| PB 0x0000000711800000| Untracked |  0
|  94|0x0000000711a00000, 0x0000000711a00000, 0x0000000711c00000|  0%| F|  |TAMS 0x0000000711a00000| PB 0x0000000711a00000| Untracked |  0
|  95|0x0000000711c00000, 0x0000000711c00000, 0x0000000711e00000|  0%| F|  |TAMS 0x0000000711c00000| PB 0x0000000711c00000| Untracked |  0
|  96|0x0000000711e00000, 0x0000000711e00000, 0x0000000712000000|  0%| F|  |TAMS 0x0000000711e00000| PB 0x0000000711e00000| Untracked |  0
|  97|0x0000000712000000, 0x0000000712000000, 0x0000000712200000|  0%| F|  |TAMS 0x0000000712000000| PB 0x0000000712000000| Untracked |  0
|  98|0x0000000712200000, 0x0000000712200000, 0x0000000712400000|  0%| F|  |TAMS 0x0000000712200000| PB 0x0000000712200000| Untracked |  0
|  99|0x0000000712400000, 0x0000000712400000, 0x0000000712600000|  0%| F|  |TAMS 0x0000000712400000| PB 0x0000000712400000| Untracked |  0
| 100|0x0000000712600000, 0x0000000712600000, 0x0000000712800000|  0%| F|  |TAMS 0x0000000712600000| PB 0x0000000712600000| Untracked |  0
| 101|0x0000000712800000, 0x0000000712800000, 0x0000000712a00000|  0%| F|  |TAMS 0x0000000712800000| PB 0x0000000712800000| Untracked |  0
| 102|0x0000000712a00000, 0x0000000712a00000, 0x0000000712c00000|  0%| F|  |TAMS 0x0000000712a00000| PB 0x0000000712a00000| Untracked |  0
| 103|0x0000000712c00000, 0x0000000712c00000, 0x0000000712e00000|  0%| F|  |TAMS 0x0000000712c00000| PB 0x0000000712c00000| Untracked |  0
| 104|0x0000000712e00000, 0x0000000712e00000, 0x0000000713000000|  0%| F|  |TAMS 0x0000000712e00000| PB 0x0000000712e00000| Untracked |  0
| 105|0x0000000713000000, 0x0000000713000000, 0x0000000713200000|  0%| F|  |TAMS 0x0000000713000000| PB 0x0000000713000000| Untracked |  0
| 106|0x0000000713200000, 0x0000000713200000, 0x0000000713400000|  0%| F|  |TAMS 0x0000000713200000| PB 0x0000000713200000| Untracked |  0
| 107|0x0000000713400000, 0x0000000713400000, 0x0000000713600000|  0%| F|  |TAMS 0x0000000713400000| PB 0x0000000713400000| Untracked |  0
| 108|0x0000000713600000, 0x0000000713600000, 0x0000000713800000|  0%| F|  |TAMS 0x0000000713600000| PB 0x0000000713600000| Untracked |  0
| 109|0x0000000713800000, 0x0000000713800000, 0x0000000713a00000|  0%| F|  |TAMS 0x0000000713800000| PB 0x0000000713800000| Untracked |  0
| 110|0x0000000713a00000, 0x0000000713a00000, 0x0000000713c00000|  0%| F|  |TAMS 0x0000000713a00000| PB 0x0000000713a00000| Untracked |  0
| 111|0x0000000713c00000, 0x0000000713c00000, 0x0000000713e00000|  0%| F|  |TAMS 0x0000000713c00000| PB 0x0000000713c00000| Untracked |  0
| 112|0x0000000713e00000, 0x0000000713e00000, 0x0000000714000000|  0%| F|  |TAMS 0x0000000713e00000| PB 0x0000000713e00000| Untracked |  0
| 113|0x0000000714000000, 0x0000000714000000, 0x0000000714200000|  0%| F|  |TAMS 0x0000000714000000| PB 0x0000000714000000| Untracked |  0
| 114|0x0000000714200000, 0x0000000714200000, 0x0000000714400000|  0%| F|  |TAMS 0x0000000714200000| PB 0x0000000714200000| Untracked |  0
| 115|0x0000000714400000, 0x0000000714400000, 0x0000000714600000|  0%| F|  |TAMS 0x0000000714400000| PB 0x0000000714400000| Untracked |  0
| 116|0x0000000714600000, 0x0000000714600000, 0x0000000714800000|  0%| F|  |TAMS 0x0000000714600000| PB 0x0000000714600000| Untracked |  0
| 117|0x0000000714800000, 0x0000000714800000, 0x0000000714a00000|  0%| F|  |TAMS 0x0000000714800000| PB 0x0000000714800000| Untracked |  0
| 118|0x0000000714a00000, 0x0000000714a00000, 0x0000000714c00000|  0%| F|  |TAMS 0x0000000714a00000| PB 0x0000000714a00000| Untracked |  0
| 119|0x0000000714c00000, 0x0000000714c00000, 0x0000000714e00000|  0%| F|  |TAMS 0x0000000714c00000| PB 0x0000000714c00000| Untracked |  0
| 120|0x0000000714e00000, 0x0000000714e00000, 0x0000000715000000|  0%| F|  |TAMS 0x0000000714e00000| PB 0x0000000714e00000| Untracked |  0
| 121|0x0000000715000000, 0x0000000715000000, 0x0000000715200000|  0%| F|  |TAMS 0x0000000715000000| PB 0x0000000715000000| Untracked |  0
| 122|0x0000000715200000, 0x0000000715200000, 0x0000000715400000|  0%| F|  |TAMS 0x0000000715200000| PB 0x0000000715200000| Untracked |  0
| 123|0x0000000715400000, 0x0000000715400000, 0x0000000715600000|  0%| F|  |TAMS 0x0000000715400000| PB 0x0000000715400000| Untracked |  0
| 124|0x0000000715600000, 0x0000000715600000, 0x0000000715800000|  0%| F|  |TAMS 0x0000000715600000| PB 0x0000000715600000| Untracked |  0
| 125|0x0000000715800000, 0x0000000715800000, 0x0000000715a00000|  0%| F|  |TAMS 0x0000000715800000| PB 0x0000000715800000| Untracked |  0

Card table byte_map: [0x0000018600000000,0x00000186007e0000] _byte_map_base: 0x00000185fc7d1000

Marking Bits: (CMBitMap*) 0x00000186678b76d0
 Bits: [0x00000186007e0000, 0x0000018604668000)

Polling page: 0x00000186654e0000

Metaspace:

Usage:
  Non-class:     12.51 MB used.
      Class:      1.61 MB used.
       Both:     14.12 MB used.

Virtual space:
  Non-class space:       64.00 MB reserved,      12.69 MB ( 20%) committed,  1 nodes.
      Class space:        1.00 GB reserved,       1.75 MB ( <1%) committed,  1 nodes.
             Both:        1.06 GB reserved,      14.44 MB (  1%) committed. 

Chunk freelists:
   Non-Class:  2.89 MB
       Class:  14.20 MB
        Both:  17.09 MB

MaxMetaspaceSize: unlimited
CompressedClassSpaceSize: 1.00 GB
Initial GC threshold: 21.00 MB
Current GC threshold: 21.00 MB
CDS: on
 - commit_granule_bytes: 65536.
 - commit_granule_words: 8192.
 - virtual_space_node_default_size: 8388608.
 - enlarge_chunks_in_place: 1.
 - use_allocation_guard: 0.


Internal statistics:

num_allocs_failed_limit: 0.
num_arena_births: 384.
num_arena_deaths: 0.
num_vsnodes_births: 2.
num_vsnodes_deaths: 0.
num_space_committed: 231.
num_space_uncommitted: 0.
num_chunks_returned_to_freelist: 0.
num_chunks_taken_from_freelist: 555.
num_chunk_merges: 0.
num_chunk_splits: 304.
num_chunks_enlarged: 86.
num_inconsistent_stats: 0.

CodeHeap 'non-profiled nmethods': size=119168Kb used=659Kb max_used=659Kb free=118508Kb
 bounds [0x0000018677730000, 0x00000186779a0000, 0x000001867eb90000]
CodeHeap 'profiled nmethods': size=119104Kb used=3242Kb max_used=3242Kb free=115861Kb
 bounds [0x000001866fb90000, 0x000001866fec0000, 0x0000018676fe0000]
CodeHeap 'non-nmethods': size=7488Kb used=2770Kb max_used=3370Kb free=4717Kb
 bounds [0x0000018676fe0000, 0x0000018677330000, 0x0000018677730000]
 total_blobs=2711 nmethods=2017 adapters=596
 compilation: enabled
              stopped_count=0, restarted_count=0
 full_count=0

Compilation events (20 events):
Event: 4.779 Thread 0x0000018607852e10 2009 %     4       src.code.BreadBoardFileLoader::load @ 127 (552 bytes)
Event: 4.787 Thread 0x0000018607852e10 nmethod 2009% 0x00000186777cd010 code [0x00000186777cd1c0, 0x00000186777cda10]
Event: 4.787 Thread 0x0000018607852e10 2010       4       src.code.BreadBoardFileLoader::load (552 bytes)
Event: 4.820 Thread 0x0000018607852e10 nmethod 2010 0x00000186777cde10 code [0x00000186777ce1e0, 0x00000186777d0070]
Event: 4.820 Thread 0x0000018607852e10 2011 %     4       src.code.BreadBoardFileLoader::load @ 232 (552 bytes)
Event: 4.852 Thread 0x0000018607852e10 nmethod 2011% 0x00000186777d1790 code [0x00000186777d1a20, 0x00000186777d3480]
Event: 4.866 Thread 0x000001860785e640 2014       3       src.code.Direction::fromSymbol (54 bytes)
Event: 4.866 Thread 0x0000018607b5ad10 2013       3       java.lang.Byte::valueOf (14 bytes)
Event: 4.866 Thread 0x0000018607b5a650 2015       3       src.code.Direction::values (10 bytes)
Event: 4.867 Thread 0x0000018607b5ad10 nmethod 2013 0x000001866feb9110 code [0x000001866feb92a0, 0x000001866feb93c8]
Event: 4.867 Thread 0x0000018607b5a650 nmethod 2015 0x000001866feb9490 code [0x000001866feb9640, 0x000001866feb98c8]
Event: 4.867 Thread 0x0000018607b5ad10 2016       3       java.lang.Byte::equals (29 bytes)
Event: 4.867 Thread 0x0000018607852e10 2017       4       java.lang.Byte::valueOf (14 bytes)
Event: 4.867 Thread 0x000001860785e640 nmethod 2014 0x000001866feb9990 code [0x000001866feb9ba0, 0x000001866feba2b0]
Event: 4.867 Thread 0x0000018607b5a650 2012       1       java.lang.Byte::byteValue (5 bytes)
Event: 4.867 Thread 0x0000018607b5ad10 nmethod 2016 0x000001866feba510 code [0x000001866feba6c0, 0x000001866febaa50]
Event: 4.868 Thread 0x0000018607b5a650 nmethod 2012 0x00000186777d4110 code [0x00000186777d42a0, 0x00000186777d4370]
Event: 4.868 Thread 0x0000018607852e10 nmethod 2017 0x00000186777d4410 code [0x00000186777d4580, 0x00000186777d4628]
Event: 4.868 Thread 0x0000018607852e10 2018       4       src.code.Direction::fromSymbol (54 bytes)
Event: 4.870 Thread 0x0000018607852e10 nmethod 2018 0x00000186777d4710 code [0x00000186777d48a0, 0x00000186777d4af8]

GC Heap History (11 events):
Event: 4.752 GC heap before
{Heap before GC invocations=0 (full 0):
 garbage-first heap   total reserved 4098048K, committed 258048K, used 40960K [0x0000000705e00000, 0x0000000800000000)
  region size 2048K, 12 young (24576K), 0 survivors (0K)
 Metaspace       used 14433K, committed 14784K, reserved 1114112K
  class space    used 1645K, committed 1792K, reserved 1048576K
}
Event: 4.758 GC heap after
{Heap after GC invocations=1 (full 0):
 garbage-first heap   total reserved 4098048K, committed 258048K, used 23568K [0x0000000705e00000, 0x0000000800000000)
  region size 2048K, 2 young (4096K), 2 survivors (4096K)
 Metaspace       used 14433K, committed 14784K, reserved 1114112K
  class space    used 1645K, committed 1792K, reserved 1048576K
}
Event: 4.765 GC heap before
{Heap before GC invocations=1 (full 0):
 garbage-first heap   total reserved 4098048K, committed 258048K, used 56336K [0x0000000705e00000, 0x0000000800000000)
  region size 2048K, 18 young (36864K), 2 survivors (4096K)
 Metaspace       used 14446K, committed 14784K, reserved 1114112K
  class space    used 1648K, committed 1792K, reserved 1048576K
}
Event: 4.774 GC heap after
{Heap after GC invocations=2 (full 0):
 garbage-first heap   total reserved 4098048K, committed 258048K, used 57716K [0x0000000705e00000, 0x0000000800000000)
  region size 2048K, 3 young (6144K), 3 survivors (6144K)
 Metaspace       used 14446K, committed 14784K, reserved 1114112K
  class space    used 1648K, committed 1792K, reserved 1048576K
}
Event: 4.856 GC heap before
{Heap before GC invocations=2 (full 0):
 garbage-first heap   total reserved 4098048K, committed 258048K, used 84340K [0x0000000705e00000, 0x0000000800000000)
  region size 2048K, 16 young (32768K), 3 survivors (6144K)
 Metaspace       used 14460K, committed 14784K, reserved 1114112K
  class space    used 1648K, committed 1792K, reserved 1048576K
}
Event: 4.865 GC heap after
{Heap after GC invocations=3 (full 0):
 garbage-first heap   total reserved 4098048K, committed 258048K, used 86016K [0x0000000705e00000, 0x0000000800000000)
  region size 2048K, 2 young (4096K), 2 survivors (4096K)
 Metaspace       used 14460K, committed 14784K, reserved 1114112K
  class space    used 1648K, committed 1792K, reserved 1048576K
}
Event: 4.873 GC heap before
{Heap before GC invocations=3 (full 0):
 garbage-first heap   total reserved 4098048K, committed 258048K, used 116736K [0x0000000705e00000, 0x0000000800000000)
  region size 2048K, 17 young (34816K), 2 survivors (4096K)
 Metaspace       used 14461K, committed 14784K, reserved 1114112K
  class space    used 1648K, committed 1792K, reserved 1048576K
}
Event: 4.878 GC heap after
{Heap after GC invocations=4 (full 0):
 garbage-first heap   total reserved 4098048K, committed 258048K, used 102400K [0x0000000705e00000, 0x0000000800000000)
  region size 2048K, 3 young (6144K), 3 survivors (6144K)
 Metaspace       used 14461K, committed 14784K, reserved 1114112K
  class space    used 1648K, committed 1792K, reserved 1048576K
}
Event: 4.887 GC heap before
{Heap before GC invocations=4 (full 0):
 garbage-first heap   total reserved 4098048K, committed 258048K, used 145408K [0x0000000705e00000, 0x0000000800000000)
  region size 2048K, 24 young (49152K), 3 survivors (6144K)
 Metaspace       used 14461K, committed 14784K, reserved 1114112K
  class space    used 1648K, committed 1792K, reserved 1048576K
}
Event: 4.890 GC heap after
{Heap after GC invocations=5 (full 0):
 garbage-first heap   total reserved 4098048K, committed 258048K, used 104419K [0x0000000705e00000, 0x0000000800000000)
  region size 2048K, 0 young (0K), 0 survivors (0K)
 Metaspace       used 14461K, committed 14784K, reserved 1114112K
  class space    used 1648K, committed 1792K, reserved 1048576K
}
Event: 4.922 GC heap before
{Heap before GC invocations=5 (full 0):
 garbage-first heap   total reserved 4098048K, committed 258048K, used 208867K [0x0000000705e00000, 0x0000000800000000)
  region size 2048K, 51 young (104448K), 0 survivors (0K)
 Metaspace       used 14461K, committed 14784K, reserved 1114112K
  class space    used 1648K, committed 1792K, reserved 1048576K
}

Dll operation events (15 events):
Event: 0.009 Loaded shared library C:\Users\josep\.jdks\openjdk-22.0.2\bin\java.dll
Event: 0.031 Loaded shared library C:\Users\josep\.jdks\openjdk-22.0.2\bin\jsvml.dll
Event: 0.054 Loaded shared library C:\Users\josep\.jdks\openjdk-22.0.2\bin\zip.dll
Event: 0.057 Loaded shared library C:\Users\josep\.jdks\openjdk-22.0.2\bin\instrument.dll
Event: 0.060 Loaded shared library C:\Users\josep\.jdks\openjdk-22.0.2\bin\net.dll
Event: 0.061 Loaded shared library C:\Users\josep\.jdks\openjdk-22.0.2\bin\nio.dll
Event: 0.063 Loaded shared library C:\Users\josep\.jdks\openjdk-22.0.2\bin\zip.dll
Event: 0.070 Loaded shared library C:\Program Files\JetBrains\IntelliJ IDEA 2024.2.1\bin\breakgen64.dll
Event: 0.077 Loaded shared library C:\Users\josep\.jdks\openjdk-22.0.2\bin\extnet.dll
Event: 0.151 Loaded shared library C:\Users\josep\.jdks\openjdk-22.0.2\bin\jimage.dll
Event: 0.171 Loaded shared library C:\Users\josep\.jdks\openjdk-22.0.2\bin\awt.dll
Event: 0.187 Loaded shared library C:\Users\josep\.jdks\openjdk-22.0.2\bin\management.dll
Event: 0.199 Loaded shared library C:\Users\josep\.jdks\openjdk-22.0.2\bin\management_ext.dll
Event: 0.419 Loaded shared library C:\Users\josep\.jdks\openjdk-22.0.2\bin\freetype.dll
Event: 0.422 Loaded shared library C:\Users\josep\.jdks\openjdk-22.0.2\bin\fontmanager.dll

Deoptimization events (20 events):
Event: 4.578 Thread 0x000001864ed8ae10 DEOPT PACKING pc=0x0000018677791c74 sp=0x00000066189fe1f0
Event: 4.578 Thread 0x000001864ed8ae10 DEOPT UNPACKING pc=0x00000186770346a2 sp=0x00000066189fe178 mode 2
Event: 4.763 Thread 0x000001864ed8ae10 Uncommon trap: trap_request=0xffffff45 fr.pc=0x000001867779a218 relative=0x00000000000000f8
Event: 4.763 Thread 0x000001864ed8ae10 Uncommon trap: reason=unstable_if action=reinterpret pc=0x000001867779a218 method=java.lang.ref.SoftReference.get()Ljava/lang/Object; @ 17 c2
Event: 4.763 Thread 0x000001864ed8ae10 DEOPT PACKING pc=0x000001867779a218 sp=0x00000066189fcff0
Event: 4.763 Thread 0x000001864ed8ae10 DEOPT UNPACKING pc=0x00000186770346a2 sp=0x00000066189fcfa0 mode 2
Event: 4.763 Thread 0x000001864ed8ae10 Uncommon trap: trap_request=0xffffff45 fr.pc=0x000001867777dbbc relative=0x000000000000009c
Event: 4.763 Thread 0x000001864ed8ae10 Uncommon trap: reason=unstable_if action=reinterpret pc=0x000001867777dbbc method=java.lang.ref.ReferenceQueue.headIsNull()Z @ 4 c2
Event: 4.763 Thread 0x000001864ed8ae10 DEOPT PACKING pc=0x000001867777dbbc sp=0x00000066189fd5f0
Event: 4.763 Thread 0x000001864ed8ae10 DEOPT UNPACKING pc=0x00000186770346a2 sp=0x00000066189fd4b0 mode 2
Event: 4.763 Thread 0x000001864ed8ae10 Uncommon trap: trap_request=0xffffff45 fr.pc=0x000001867777d86c relative=0x000000000000006c
Event: 4.763 Thread 0x000001864ed8ae10 Uncommon trap: reason=unstable_if action=reinterpret pc=0x000001867777d86c method=java.lang.ref.ReferenceQueue.headIsNull()Z @ 4 c2
Event: 4.763 Thread 0x000001864ed8ae10 DEOPT PACKING pc=0x000001867777d86c sp=0x00000066189fd580
Event: 4.763 Thread 0x000001864ed8ae10 DEOPT UNPACKING pc=0x00000186770346a2 sp=0x00000066189fd4b0 mode 2
Event: 4.787 Thread 0x000001864ed8ae10 DEOPT PACKING pc=0x000001866feb6b45 sp=0x00000066189fe030
Event: 4.787 Thread 0x000001864ed8ae10 DEOPT UNPACKING pc=0x0000018677034e42 sp=0x00000066189fd770 mode 0
Event: 4.787 Thread 0x000001864ed8ae10 Uncommon trap: trap_request=0xffffff45 fr.pc=0x00000186777cd8a4 relative=0x00000000000006e4
Event: 4.787 Thread 0x000001864ed8ae10 Uncommon trap: reason=unstable_if action=reinterpret pc=0x00000186777cd8a4 method=src.code.BreadBoardFileLoader.load(Lsrc/code/BreadBoard;)V @ 121 c2
Event: 4.787 Thread 0x000001864ed8ae10 DEOPT PACKING pc=0x00000186777cd8a4 sp=0x00000066189fe2e0
Event: 4.787 Thread 0x000001864ed8ae10 DEOPT UNPACKING pc=0x00000186770346a2 sp=0x00000066189fe270 mode 2

Classes loaded (20 events):
Event: 2.993 Loading class javax/swing/TimerQueue
Event: 2.994 Loading class javax/swing/TimerQueue done
Event: 2.994 Loading class java/util/concurrent/DelayQueue
Event: 2.994 Loading class java/util/concurrent/DelayQueue done
Event: 2.994 Loading class java/util/PriorityQueue
Event: 2.994 Loading class java/util/PriorityQueue done
Event: 2.995 Loading class javax/swing/TimerQueue$DelayedTimer
Event: 2.995 Loading class javax/swing/TimerQueue$DelayedTimer done
Event: 3.497 Loading class javax/swing/Timer$1
Event: 3.499 Loading class javax/swing/Timer$1 done
Event: 4.577 Loading class sun/awt/DebugSettings
Event: 4.578 Loading class sun/awt/DebugSettings done
Event: 4.578 Loading class java/nio/file/AccessMode
Event: 4.578 Loading class java/nio/file/AccessMode done
Event: 4.579 Loading class javax/swing/Autoscroller
Event: 4.580 Loading class javax/swing/Autoscroller done
Event: 4.618 Loading class java/lang/AssertionError
Event: 4.618 Loading class java/lang/AssertionError done
Event: 4.745 Loading class java/lang/Byte$ByteCache
Event: 4.745 Loading class java/lang/Byte$ByteCache done

Classes unloaded (0 events):
No events

Classes redefined (0 events):
No events

Internal exceptions (20 events):
Event: 0.338 Thread 0x0000018665537b30 Exception <a 'java/lang/NoSuchMethodError'{0x0000000714f51328}: 'int java.lang.invoke.Invokers$Holder.invokeExact_MT(java.lang.Object, java.lang.Object)'> (0x0000000714f51328) 
thrown [s\open\src\hotspot\share\interpreter\linkResolver.cpp, line 774]
Event: 0.355 Thread 0x0000018665537b30 Implicit null exception at 0x000001867777340d to 0x0000018677773e24
Event: 0.382 Thread 0x0000018607848650 Exception <a 'java/lang/NoSuchMethodError'{0x000000071508a538}: 'void java.lang.invoke.DirectMethodHandle$Holder.invokeVirtual(java.lang.Object, java.lang.Object)'> (0x000000071508a538) 
thrown [s\open\src\hotspot\share\interpreter\linkResolver.cpp, line 774]
Event: 0.414 Thread 0x0000018665537b30 Exception <a 'java/lang/NoSuchMethodError'{0x0000000714f7e688}: 'void java.lang.invoke.DirectMethodHandle$Holder.invokeStaticInit(java.lang.Object)'> (0x0000000714f7e688) 
thrown [s\open\src\hotspot\share\interpreter\linkResolver.cpp, line 774]
Event: 0.422 Thread 0x0000018607846c10 Exception <a 'java/lang/NoSuchMethodError'{0x0000000714a14250}: 'java.lang.Object java.lang.invoke.DirectMethodHandle$Holder.invokeStaticInit(java.lang.Object, int, int, int, int)'> (0x0000000714a14250) 
thrown [s\open\src\hotspot\share\interpreter\linkResolver.cpp, line 774]
Event: 0.436 Thread 0x0000018607846c10 Exception <a 'java/lang/NoSuchMethodError'{0x0000000714b4ca08}: 'java.lang.Object java.lang.invoke.DirectMethodHandle$Holder.invokeStaticInit(java.lang.Object, java.lang.Object, int, int, int, int)'> (0x0000000714b4ca08) 
thrown [s\open\src\hotspot\share\interpreter\linkResolver.cpp, line 774]
Event: 0.455 Thread 0x0000018607846c10 Exception <a 'java/lang/ClassNotFoundException'{0x0000000714b68898}: javax/management/remote/rmi/RMIServerImpl_Skel> (0x0000000714b68898) 
thrown [s\open\src\hotspot\share\classfile\systemDictionary.cpp, line 313]
Event: 0.467 Thread 0x0000018607846c10 Exception <a 'java/lang/NoSuchMethodError'{0x0000000714b842a0}: 'long java.lang.invoke.DirectMethodHandle$Holder.invokeSpecial(java.lang.Object, java.lang.Object)'> (0x0000000714b842a0) 
thrown [s\open\src\hotspot\share\interpreter\linkResolver.cpp, line 774]
Event: 0.467 Thread 0x0000018607846c10 Exception <a 'java/lang/NoSuchMethodError'{0x0000000714b87978}: 'long java.lang.invoke.Invokers$Holder.invokeExact_MT(java.lang.Object, java.lang.Object)'> (0x0000000714b87978) 
thrown [s\open\src\hotspot\share\interpreter\linkResolver.cpp, line 774]
Event: 0.574 Thread 0x000001864ed8bb30 Exception <a 'java/lang/NoSuchMethodError'{0x000000071485f608}: static [B.<clinit>()V> (0x000000071485f608) 
thrown [s\open\src\hotspot\share\prims\jni.cpp, line 1111]
Event: 0.579 Thread 0x000001864ed8bb30 Exception <a 'java/lang/NoSuchMethodError'{0x0000000714863780}: 'java.lang.Object java.lang.invoke.DirectMethodHandle$Holder.invokeInterface(java.lang.Object, java.lang.Object, java.lang.Object)'> (0x0000000714863780) 
thrown [s\open\src\hotspot\share\interpreter\linkResolver.cpp, line 774]
Event: 0.588 Thread 0x000001864ed8bb30 Exception <a 'java/lang/ClassNotFoundException'{0x00000007149f9f40}: javax/management/remote/rmi/RMIConnectionImpl_Skel> (0x00000007149f9f40) 
thrown [s\open\src\hotspot\share\classfile\systemDictionary.cpp, line 313]
Event: 0.588 Thread 0x000001864ed8d570 Exception <a 'java/lang/NoSuchMethodError'{0x000000071462c4c8}: 'java.lang.Object java.lang.invoke.Invokers$Holder.linkToTargetMethod(java.lang.Object, long, java.lang.Object)'> (0x000000071462c4c8) 
thrown [s\open\src\hotspot\share\interpreter\linkResolver.cpp, line 774]
Event: 0.602 Thread 0x000001864ed8bb30 Exception <a 'java/lang/NoSuchMethodError'{0x0000000714694670}: 'java.lang.Object java.lang.invoke.DirectMethodHandle$Holder.invokeInterface(java.lang.Object, java.lang.Object)'> (0x0000000714694670) 
thrown [s\open\src\hotspot\share\interpreter\linkResolver.cpp, line 774]
Event: 0.617 Thread 0x000001864ed8bb30 Exception <a 'java/lang/NoSuchMethodError'{0x00000007146b9978}: 'int java.lang.invoke.DelegatingMethodHandle$Holder.reinvoke_L(java.lang.Object, java.lang.Object, java.lang.Object, java.lang.Object, java.lang.Object)'> (0x00000007146b9978) 
thrown [s\open\src\hotspot\share\interpreter\linkResolver.cpp, line 774]
Event: 0.633 Thread 0x000001864ed8bb30 Exception <a 'java/lang/NoSuchMethodError'{0x00000007146d55a0}: 'java.lang.Object java.lang.invoke.DirectMethodHandle$Holder.invokeInterface(java.lang.Object, java.lang.Object, java.lang.Object, java.lang.Object, java.lang.Object)'> (0x00000007146d55a0) 
thrown [s\open\src\hotspot\share\interpreter\linkResolver.cpp, line 774]
Event: 0.635 Thread 0x000001864ed8bb30 Exception <a 'java/lang/NoSuchMethodError'{0x00000007146f8eb0}: 'double java.lang.invoke.DirectMethodHandle$Holder.invokeInterface(java.lang.Object, java.lang.Object)'> (0x00000007146f8eb0) 
thrown [s\open\src\hotspot\share\interpreter\linkResolver.cpp, line 774]
Event: 0.636 Thread 0x000001864ed8bb30 Exception <a 'java/lang/NoSuchMethodError'{0x0000000714700850}: 'double java.lang.invoke.DelegatingMethodHandle$Holder.reinvoke_L(java.lang.Object, java.lang.Object)'> (0x0000000714700850) 
thrown [s\open\src\hotspot\share\interpreter\linkResolver.cpp, line 774]
Event: 0.913 Thread 0x000001864ed8bb30 Exception <a 'java/lang/NoSuchMethodError'{0x0000000714719a78}: 'long java.lang.invoke.DirectMethodHandle$Holder.invokeVirtual(java.lang.Object, java.lang.Object)'> (0x0000000714719a78) 
thrown [s\open\src\hotspot\share\interpreter\linkResolver.cpp, line 774]
Event: 0.913 Thread 0x000001864ed8bb30 Exception <a 'java/lang/NoSuchMethodError'{0x000000071471d058}: 'long java.lang.invoke.DelegatingMethodHandle$Holder.reinvoke_L(java.lang.Object, java.lang.Object)'> (0x000000071471d058) 
thrown [s\open\src\hotspot\share\interpreter\linkResolver.cpp, line 774]

ZGC Phase Switch (0 events):
No events

VM Operations (20 events):
Event: 0.587 Executing VM operation: HandshakeAllThreads (Deoptimize) done
Event: 1.593 Executing VM operation: Cleanup
Event: 1.593 Executing VM operation: Cleanup done
Event: 2.605 Executing VM operation: Cleanup
Event: 2.605 Executing VM operation: Cleanup done
Event: 2.956 Executing VM operation: HandshakeAllThreads (Deoptimize)
Event: 2.956 Executing VM operation: HandshakeAllThreads (Deoptimize) done
Event: 3.964 Executing VM operation: Cleanup
Event: 3.964 Executing VM operation: Cleanup done
Event: 4.752 Executing VM operation: G1CollectForAllocation (G1 Evacuation Pause)
Event: 4.758 Executing VM operation: G1CollectForAllocation (G1 Evacuation Pause) done
Event: 4.765 Executing VM operation: G1CollectForAllocation (G1 Evacuation Pause)
Event: 4.774 Executing VM operation: G1CollectForAllocation (G1 Evacuation Pause) done
Event: 4.856 Executing VM operation: G1CollectForAllocation (G1 Evacuation Pause)
Event: 4.865 Executing VM operation: G1CollectForAllocation (G1 Evacuation Pause) done
Event: 4.873 Executing VM operation: G1CollectForAllocation (G1 Evacuation Pause)
Event: 4.878 Executing VM operation: G1CollectForAllocation (G1 Evacuation Pause) done
Event: 4.887 Executing VM operation: G1CollectForAllocation (G1 Evacuation Pause)
Event: 4.890 Executing VM operation: G1CollectForAllocation (G1 Evacuation Pause) done
Event: 4.922 Executing VM operation: G1CollectForAllocation (G1 Evacuation Pause)

Memory protections (0 events):
No events

Nmethod flushes (0 events):
No events

Events (20 events):
Event: 0.334 Thread 0x0000018607b5a650 Thread added: 0x000001864d4d7500
Event: 0.336 Thread 0x000001864d12ebd0 Thread added: 0x000001864d4fb190
Event: 0.380 Thread 0x0000018607848650 Thread added: 0x000001864ed8ae10
Event: 0.463 Thread 0x0000018607846c10 Thread added: 0x000001864ed8c850
Event: 0.539 Thread 0x000001864ed8c850 Thread added: 0x000001864ed8bb30
Event: 0.543 Thread 0x0000018665537b30 Thread exited: 0x0000018665537b30
Event: 0.543 Thread 0x000001864ed8c1c0 Thread added: 0x000001864ed8c1c0
Event: 0.573 Thread 0x000001864ed8bb30 Thread added: 0x000001864ed8a780
Event: 0.585 Thread 0x000001864ed8bb30 Thread added: 0x000001864ed8d570
Event: 0.906 Thread 0x000001864d4fb190 Thread exited: 0x000001864d4fb190
Event: 0.907 Thread 0x000001864d4d7500 Thread exited: 0x000001864d4d7500
Event: 0.907 Thread 0x000001864d4d6e40 Thread exited: 0x000001864d4d6e40
Event: 0.907 Thread 0x000001864d12ebd0 Thread exited: 0x000001864d12ebd0
Event: 0.909 Thread 0x000001864d0ebb20 Thread exited: 0x000001864d0ebb20
Event: 2.916 Thread 0x0000018607b5a650 Thread added: 0x000001864f19d550
Event: 2.917 Thread 0x000001860785e640 Thread added: 0x000001864f1a06d0
Event: 2.995 Thread 0x000001864ed8ae10 Thread added: 0x000001864ed8a0f0
Event: 3.201 Thread 0x000001864f1a06d0 Thread exited: 0x000001864f1a06d0
Event: 3.201 Thread 0x000001864f19d550 Thread exited: 0x000001864f19d550
Event: 4.526 Thread 0x0000018607c283b0 Thread exited: 0x0000018607c283b0


Dynamic libraries:
0x00007ff79b730000 - 0x00007ff79b73e000 	C:\Users\josep\.jdks\openjdk-22.0.2\bin\java.exe
0x00007ff9d65c0000 - 0x00007ff9d6828000 	C:\WINDOWS\SYSTEM32\ntdll.dll
0x00007ff9d4fa0000 - 0x00007ff9d5069000 	C:\WINDOWS\System32\KERNEL32.DLL
0x00007ff9d3a90000 - 0x00007ff9d3e82000 	C:\WINDOWS\System32\KERNELBASE.dll
0x00007ff9d40c0000 - 0x00007ff9d420b000 	C:\WINDOWS\System32\ucrtbase.dll
0x00007ff9ba6d0000 - 0x00007ff9ba6e7000 	C:\Users\josep\.jdks\openjdk-22.0.2\bin\jli.dll
0x00007ff9ad230000 - 0x00007ff9ad24b000 	C:\Users\josep\.jdks\openjdk-22.0.2\bin\VCRUNTIME140.dll
0x00007ff9d5ea0000 - 0x00007ff9d6065000 	C:\WINDOWS\System32\USER32.dll
0x00007ff9d3880000 - 0x00007ff9d38a7000 	C:\WINDOWS\System32\win32u.dll
0x00007ff9ba0d0000 - 0x00007ff9ba363000 	C:\WINDOWS\WinSxS\amd64_microsoft.windows.common-controls_6595b64144ccf1df_6.0.26100.6899_none_3e0efeeae32e88c1\COMCTL32.dll
0x00007ff9d53f0000 - 0x00007ff9d541b000 	C:\WINDOWS\System32\GDI32.dll
0x00007ff9d4ba0000 - 0x00007ff9d4c49000 	C:\WINDOWS\System32\msvcrt.dll
0x00007ff9d3750000 - 0x00007ff9d387d000 	C:\WINDOWS\System32\gdi32full.dll
0x00007ff9d39e0000 - 0x00007ff9d3a83000 	C:\WINDOWS\System32\msvcp_win.dll
0x00007ff9d6080000 - 0x00007ff9d60af000 	C:\WINDOWS\System32\IMM32.DLL
0x00007ff9bd750000 - 0x00007ff9bd75c000 	C:\Users\josep\.jdks\openjdk-22.0.2\bin\vcruntime140_1.dll
0x00007ff9ac320000 - 0x00007ff9ac3ae000 	C:\Users\josep\.jdks\openjdk-22.0.2\bin\msvcp140.dll
0x00007ff932e60000 - 0x00007ff933ba9000 	C:\Users\josep\.jdks\openjdk-22.0.2\bin\server\jvm.dll
0x00007ff9d6140000 - 0x00007ff9d61f4000 	C:\WINDOWS\System32\ADVAPI32.dll
0x00007ff9d4c50000 - 0x00007ff9d4cf6000 	C:\WINDOWS\System32\sechost.dll
0x00007ff9d52d0000 - 0x00007ff9d53e8000 	C:\WINDOWS\System32\RPCRT4.dll
0x00007ff9d4d90000 - 0x00007ff9d4e04000 	C:\WINDOWS\System32\WS2_32.dll
0x00007ff9c9800000 - 0x00007ff9c9835000 	C:\WINDOWS\SYSTEM32\WINMM.dll
0x00007ff9d2380000 - 0x00007ff9d23de000 	C:\WINDOWS\SYSTEM32\POWRPROF.dll
0x00007ff9cb6d0000 - 0x00007ff9cb6db000 	C:\WINDOWS\SYSTEM32\VERSION.dll
0x00007ff9d2360000 - 0x00007ff9d2374000 	C:\WINDOWS\SYSTEM32\UMPDC.dll
0x00007ff9d2640000 - 0x00007ff9d265b000 	C:\WINDOWS\SYSTEM32\kernel.appcore.dll
0x00007ff9bc9c0000 - 0x00007ff9bc9ca000 	C:\Users\josep\.jdks\openjdk-22.0.2\bin\jimage.dll
0x00007ff9d1020000 - 0x00007ff9d1262000 	C:\WINDOWS\SYSTEM32\DBGHELP.DLL
0x00007ff9d6200000 - 0x00007ff9d657b000 	C:\WINDOWS\System32\combase.dll
0x00007ff9d4ec0000 - 0x00007ff9d4f97000 	C:\WINDOWS\System32\OLEAUT32.dll
0x00007ff9b6520000 - 0x00007ff9b655c000 	C:\WINDOWS\SYSTEM32\dbgcore.DLL
0x00007ff9d38b0000 - 0x00007ff9d3948000 	C:\WINDOWS\System32\bcryptPrimitives.dll
0x00007ff9ad1e0000 - 0x00007ff9ad1ef000 	C:\Users\josep\.jdks\openjdk-22.0.2\bin\instrument.dll
0x00007ff9ad210000 - 0x00007ff9ad22e000 	C:\Users\josep\.jdks\openjdk-22.0.2\bin\java.dll
0x00007ff9d4450000 - 0x00007ff9d4b9d000 	C:\WINDOWS\System32\SHELL32.dll
0x00007ff9d3e90000 - 0x00007ff9d3ffb000 	C:\WINDOWS\System32\wintypes.dll
0x00007ff9d5870000 - 0x00007ff9d5a08000 	C:\WINDOWS\System32\ole32.dll
0x00007ff9d1270000 - 0x00007ff9d1acd000 	C:\WINDOWS\SYSTEM32\windows.storage.dll
0x00007ff9d5470000 - 0x00007ff9d5562000 	C:\WINDOWS\System32\SHCORE.dll
0x00007ff9d5070000 - 0x00007ff9d50d2000 	C:\WINDOWS\System32\shlwapi.dll
0x00007ff9d3670000 - 0x00007ff9d3699000 	C:\WINDOWS\SYSTEM32\profapi.dll
0x00007ff9a6900000 - 0x00007ff9a69d7000 	C:\Users\josep\.jdks\openjdk-22.0.2\bin\jsvml.dll
0x00007ff9ac4f0000 - 0x00007ff9ac507000 	C:\Users\josep\.jdks\openjdk-22.0.2\bin\zip.dll
0x00007ff9b6260000 - 0x00007ff9b6270000 	C:\Users\josep\.jdks\openjdk-22.0.2\bin\net.dll
0x00007ff9d2bb0000 - 0x00007ff9d2c1b000 	C:\WINDOWS\system32\mswsock.dll
0x00007ff9ad1f0000 - 0x00007ff9ad206000 	C:\Users\josep\.jdks\openjdk-22.0.2\bin\nio.dll
0x00007ff9ac260000 - 0x00007ff9ac27a000 	C:\Program Files\JetBrains\IntelliJ IDEA 2024.2.1\bin\breakgen64.dll
0x00007ff9ac250000 - 0x00007ff9ac259000 	C:\Users\josep\.jdks\openjdk-22.0.2\bin\extnet.dll
0x00007ff981c50000 - 0x00007ff981ddd000 	C:\Users\josep\.jdks\openjdk-22.0.2\bin\awt.dll
0x00007ff9cffd0000 - 0x00007ff9d006f000 	C:\WINDOWS\SYSTEM32\apphelp.dll
0x00007ff9d2140000 - 0x00007ff9d2266000 	C:\WINDOWS\SYSTEM32\DNSAPI.dll
0x00007ff9d2100000 - 0x00007ff9d2134000 	C:\WINDOWS\SYSTEM32\IPHLPAPI.DLL
0x00007ff9d6070000 - 0x00007ff9d607a000 	C:\WINDOWS\System32\NSI.dll
0x00007ff9cc940000 - 0x00007ff9cc94b000 	C:\Windows\System32\rasadhlp.dll
0x00007ff9cdb00000 - 0x00007ff9cdb86000 	C:\WINDOWS\System32\fwpuclnt.dll
0x00007ff9ac4e0000 - 0x00007ff9ac4ea000 	C:\Users\josep\.jdks\openjdk-22.0.2\bin\management.dll
0x00007ff9ac4d0000 - 0x00007ff9ac4db000 	C:\Users\josep\.jdks\openjdk-22.0.2\bin\management_ext.dll
0x00007ff9d50e0000 - 0x00007ff9d50e8000 	C:\WINDOWS\System32\PSAPI.DLL
0x00007ff9d0760000 - 0x00007ff9d078d000 	C:\WINDOWS\system32\DWMAPI.DLL
0x00007ff9d0160000 - 0x00007ff9d020a000 	C:\WINDOWS\system32\uxtheme.dll
0x00007ff957800000 - 0x00007ff95790c000 	C:\WINDOWS\system32\opengl32.dll
0x00007ff990100000 - 0x00007ff99012d000 	C:\WINDOWS\SYSTEM32\GLU32.dll
0x00007ff9d07f0000 - 0x00007ff9d0834000 	C:\WINDOWS\SYSTEM32\dxcore.dll
0x00007ff9d5710000 - 0x00007ff9d586b000 	C:\WINDOWS\System32\MSCTF.dll
0x00007ff9a9460000 - 0x00007ff9a94e7000 	C:\Users\josep\.jdks\openjdk-22.0.2\bin\freetype.dll
0x00007ff9a04d0000 - 0x00007ff9a05a7000 	C:\Users\josep\.jdks\openjdk-22.0.2\bin\fontmanager.dll
0x00007ff9d2e60000 - 0x00007ff9d2e7b000 	C:\WINDOWS\SYSTEM32\CRYPTSP.dll
0x00007ff9d25a0000 - 0x00007ff9d25db000 	C:\WINDOWS\system32\rsaenh.dll
0x00007ff9d2c50000 - 0x00007ff9d2c7b000 	C:\WINDOWS\SYSTEM32\USERENV.dll
0x00007ff9d3640000 - 0x00007ff9d3666000 	C:\WINDOWS\SYSTEM32\bcrypt.dll
0x00007ff9d2e80000 - 0x00007ff9d2e8c000 	C:\WINDOWS\SYSTEM32\CRYPTBASE.dll
0x00007ff9ad2a0000 - 0x00007ff9ad2b8000 	C:\WINDOWS\system32\napinsp.dll
0x00007ff9b2040000 - 0x00007ff9b2052000 	C:\WINDOWS\System32\winrnr.dll
0x00007ff9b2010000 - 0x00007ff9b2038000 	C:\WINDOWS\system32\nlansp_c.dll
0x00007ff9b1ff0000 - 0x00007ff9b2006000 	C:\WINDOWS\system32\wshbth.dll
0x00007ff999740000 - 0x00007ff99988a000 	C:\WINDOWS\SYSTEM32\textinputframework.dll
0x00007ff9cfb40000 - 0x00007ff9cfc65000 	C:\WINDOWS\SYSTEM32\CoreMessaging.dll
0x00007ff9cb8c0000 - 0x00007ff9cbba3000 	C:\WINDOWS\SYSTEM32\CoreUIComponents.dll
0x00007ff9bb680000 - 0x00007ff9bb6d6000 	C:\WINDOWS\SYSTEM32\pdh.dll
0x00007ff9ce130000 - 0x00007ff9ce142000 	C:\WINDOWS\System32\perfproc.dll
0x00007ff9ab2e0000 - 0x00007ff9ab2f1000 	C:\WINDOWS\System32\perfos.dll
0x00007ff9d1ad0000 - 0x00007ff9d1ae2000 	C:\WINDOWS\SYSTEM32\pfclient.dll
0x00007ff9d4390000 - 0x00007ff9d4441000 	C:\WINDOWS\System32\clbcatq.dll
0x00007ff9ce600000 - 0x00007ff9ce830000 	C:\WINDOWS\SYSTEM32\WindowsCodecs.dll
0x00007ff992d60000 - 0x00007ff992dba000 	C:\WINDOWS\system32\dataexchange.dll
0x00007ff9c41d0000 - 0x00007ff9c4415000 	C:\WINDOWS\system32\twinapi.appcore.dll
0x00007ff99fe20000 - 0x00007ff99fe45000 	C:\Program Files (x86)\Samsung\Easy Printer Manager\SmartScreenPrint\CDAKEYMonitor64.dll

dbghelp: loaded successfully - version: 4.0.5 - missing functions: none
symbol engine: initialized successfully - sym options: 0x614 - pdb path: .;C:\Users\josep\.jdks\openjdk-22.0.2\bin;C:\WINDOWS\SYSTEM32;C:\WINDOWS\WinSxS\amd64_microsoft.windows.common-controls_6595b64144ccf1df_6.0.26100.6899_none_3e0efeeae32e88c1;C:\Users\josep\.jdks\openjdk-22.0.2\bin\server;C:\Program Files\JetBrains\IntelliJ IDEA 2024.2.1\bin;C:\Program Files (x86)\Samsung\Easy Printer Manager\SmartScreenPrint

VM Arguments:
jvm_args: -javaagent:C:\Program Files\JetBrains\IntelliJ IDEA 2024.2.1\lib\idea_rt.jar=58430:C:\Program Files\JetBrains\IntelliJ IDEA 2024.2.1\bin -Dfile.encoding=UTF-8 -Dsun.stdout.encoding=UTF-8 -Dsun.stderr.encoding=UTF-8 
java_command: src.code.Main
java_class_path (initial): C:\Users\josep\Documents\VS Code (made by me)\Java MT Thing\Java-Terraria-Clone\out\production\Java-Terraria-Clone
Launcher Type: SUN_STANDARD

[Global flags]
     intx CICompilerCount                          = 12                                        {product} {ergonomic}
     uint ConcGCThreads                            = 4                                         {product} {ergonomic}
     uint G1ConcRefinementThreads                  = 15                                        {product} {ergonomic}
   size_t G1HeapRegionSize                         = 2097152                                   {product} {ergonomic}
   size_t InitialHeapSize                          = 264241152                                 {product} {ergonomic}
   size_t MarkStackSize                            = 4194304                                   {product} {ergonomic}
   size_t MaxHeapSize                              = 4196401152                                {product} {ergonomic}
   size_t MaxNewSize                               = 2516582400                                {product} {ergonomic}
   size_t MinHeapDeltaBytes                        = 2097152                                   {product} {ergonomic}
   size_t MinHeapSize                              = 8388608                                   {product} {ergonomic}
    uintx NonNMethodCodeHeapSize                   = 7602480                                {pd product} {ergonomic}
    uintx NonProfiledCodeHeapSize                  = 122027880                              {pd product} {ergonomic}
    uintx ProfiledCodeHeapSize                     = 122027880                              {pd product} {ergonomic}
    uintx ReservedCodeCacheSize                    = 251658240                              {pd product} {ergonomic}
     bool SegmentedCodeCache                       = true                                      {product} {ergonomic}
   size_t SoftMaxHeapSize                          = 4196401152                             {manageable} {ergonomic}
     bool UseCompressedOops                        = true                           {product lp64_product} {ergonomic}
     bool UseG1GC                                  = true                                      {product} {ergonomic}
     bool UseLargePagesIndividualAllocation        = false                                  {pd product} {ergonomic}

Logging:
Log output configuration:
 #0: stdout all=warning uptime,level,tags foldmultilines=false
 #1: stderr all=off uptime,level,tags foldmultilines=false

Environment Variables:
PATH=C:\Users\josep\mingw64\bin;c:\cygwin\bin;C:\Windows\system32;C:\Windows;C:\Windows\System32\Wbem;C:\Windows\System32\WindowsPowerShell\v1.0\;C:\Windows\System32\OpenSSH\;C:\Program Files (x86)\NVIDIA Corporation\PhysX\Common;C:\Program Files\NVIDIA Corporation\NVIDIA NvDLISR;C:\Program Files\Git\cmd;C:\Users\josep\AppData\Local\bin\NASM;C:\Users\josep\Downloads\depends22_x86;C:\Program Files\dotnet\;C:\Program Files\Java\jdk-22\bin;;C:\WINDOWS\system32;C:\WINDOWS;C:\WINDOWS\System32\Wbem;C:\WINDOWS\System32\WindowsPowerShell\v1.0\;C:\WINDOWS\System32\OpenSSH\;C:\Program Files (x86)\Windows Kits\10\Windows Performance Toolkit\;C:\Program Files (x86)\Lua\5.1;C:\Program Files (x86)\Lua\5.1\clibs;C:\Program Files\MySQL\MySQL Shell 8.0\bin\;C:\Users\josep\AppData\Local\Microsoft\WindowsApps;C:\Users\josep\AppData\Local\GitHubDesktop\bin;C:\Users\josep\AppData\Local\Programs\Microsoft VS Code\bin;C:\MinGW\bin;C:\Program Files\JetBrains\CLion 2024.3.1.1\bin;C:\Users\josep\AppData\Local\JetBrains\Toolbox\scripts;C:\Program Files\MySQL\MySQL Server 8.2\bin\;;%USERPROFILE%\AppData\Local\Microsoft\WindowsApps
USERNAME=josep
OS=Windows_NT
PROCESSOR_IDENTIFIER=Intel64 Family 6 Model 154 Stepping 3, GenuineIntel
TMP=C:\Users\josep\AppData\Local\Temp
TEMP=C:\Users\josep\AppData\Local\Temp




Periodic native trim disabled

---------------  S Y S T E M  ---------------

OS:
 Windows 11 , 64 bit Build 26100 (10.0.26100.6725)
OS uptime: 0 days 4:29 hours
Hyper-V role detected

CPU: total 20 (initial active 20) (10 cores per cpu, 2 threads per core) family 6 model 154 stepping 3 microcode 0x421, cx8, cmov, fxsr, ht, mmx, 3dnowpref, sse, sse2, sse3, ssse3, sse4.1, sse4.2, popcnt, lzcnt, tsc, tscinvbit, avx, avx2, aes, erms, clmul, bmi1, bmi2, adx, sha, fma, vzeroupper, clflush, clflushopt, clwb, hv, serialize, rdtscp, rdpid, fsrm, f16c, cet_ibt, cet_ss
Processor Information for all 20 processors :
  Max Mhz: 2300, Current Mhz: 2300, Mhz Limit: 2300

Memory: 4k page, system-wide physical 16003M (2520M free)
TotalPageFile size 18899M (AvailPageFile size 367M)
current process WorkingSet (physical memory assigned to process): 290M, peak: 295M
current process commit charge ("private bytes"): 398M, peak: 908M

vm_info: OpenJDK 64-Bit Server VM (22.0.2+9-70) for windows-amd64 JRE (22.0.2+9-70), built on 2024-06-04T16:52:23Z by "mach5one" with MS VC++ 17.6 (VS2022)

END.
